icon_hash="-47597126"
http.favicon.hash:-47597126
