icon_hash="-1507567067"
http.favicon.hash:-1507567067
